// Jest Snapshot v1, https://goo.gl/fbAQLP

exports[`CancelledOptions Should render the breadcrumb with props 1`] = `
<div>
  <div
    className="card"
  >
    <div
      className="card-body"
    >
      <h5
        className="card-title"
      >
        Cancel payment
      </h5>
      <h6
        className="card-subtitle mb-2 text-muted"
      >
        Card subtitle
      </h6>
      <p
        className="card-text"
      >
        Some quick example text to build on the card title and make up the bulk of the card's content.
      </p>
      <a
        className="card-link"
        href="#"
      >
        Cancel payment
      </a>
    </div>
  </div>
</div>
`;
