// Jest Snapshot v1, https://goo.gl/fbAQLP

exports[`Header Should render the header without props 1`] = `
<header
  className="row display-tr"
>
  <div
    className="display-td"
  >
    <img
      alt=""
      className="logo"
      src="worldpay.png"
    />
  </div>
</header>
`;
