// Jest Snapshot v1, https://goo.gl/fbAQLP

exports[`Breadcrumb Should render the breadcrumb with props 1`] = `
<nav
  aria-label="breadcrumb"
>
  <ol
    className="breadcrumb"
  >
    <li
      className="breadcrumb-item"
    >
      <a
        href="/checkout"
        onClick={[Function]}
      >
        <button
          className="button"
          type="button"
        >
          checkout
        </button>
      </a>
    </li>
    <li
      className="breadcrumb-item"
    >
      <a
        href="/payment"
        onClick={[Function]}
      >
        <button
          className="button"
          type="button"
        >
          payment
        </button>
      </a>
    </li>
    <li
      className="breadcrumb-item"
    >
      <a
        href="/authorized"
        onClick={[Function]}
      >
        <button
          className="button"
          type="button"
        >
          Authorized
        </button>
      </a>
    </li>
  </ol>
</nav>
`;
